// Jest Snapshot v1, https://goo.gl/fbAQLP

exports[`renders Compounds correctly with a mocked query 1`] = `Promise {}`;
