// Jest Snapshot v1, https://goo.gl/fbAQLP

exports[`IndivCompounds renders correctly with a mocked query and a valid id prop 1`] = `Promise {}`;

exports[`IndivCompounds renders correctly with a mocked query and an invalid id prop (ex. null) 1`] = `Promise {}`;
